Linker Map
==========

Memory Layout
-------------
  TEXT   $200D - $2AD2  (2758 bytes)
  DATA   $2AD3 - $32BC  (2026 bytes)
  BSS    $32BD - $33B4  (248 bytes)

Object Files
------------
  main.o45
    TEXT  $2043 - $2A43  (2561 bytes)
    DATA  $2AD3 - $32A6  (2004 bytes)
  ../../../lib/build/c45.lib(crt0.o45)
    TEXT  $200D - $2042  (54 bytes)
    DATA  $32A7 - $32BC  (22 bytes)
    BSS   $32BD - $33B4  (248 bytes)
  ../../../lib/build/c45.lib(memcpy.o45)
    TEXT  $2A44 - $2A8F  (76 bytes)
  ../../../lib/build/c45.lib(memset.o45)
    TEXT  $2A90 - $2AD2  (67 bytes)

Symbols (by address)
--------------------
  $0101  __sp_base                      ../../../lib/build/c45.lib(crt0.o45)
  $200D  __init                         ../../../lib/build/c45.lib(crt0.o45)
  $202B  __exit                         ../../../lib/build/c45.lib(crt0.o45)
  $2042  _init_features                 ../../../lib/build/c45.lib(crt0.o45) [weak]
  $2937  _main                          main.o45  [uses:- clob:- rel:- regs:AXYZ]
  $2A44  _memcpy                        ../../../lib/build/c45.lib(memcpy.o45)
  $2A90  _memset                        ../../../lib/build/c45.lib(memset.o45)
  $32A3  _screen                        main.o45
  $32A5  _color                         main.o45
  $32BD  __bss_start                    <linker>
  $33B5  __bss_end                      <linker>

Call Graph
----------
  __init -> __exit _main
  _main -> _memset

Source Lines
------------
  $2043  main.c:33
  $204F  main.c:34
  $205C  main.c:38
  $2076  main.c:45
  $207C  main.c:46
  $2091  main.c:47
  $20A6  main.c:48
  $20B5  main.c:49
  $20C2  main.c:50
  $20CF  main.c:52
  $20E3  main.c:53
  $20F5  main.c:54
  $2109  main.c:55
  $211B  main.c:56
  $2179  main.c:59
  $217F  main.c:62
  $2188  main.c:67
  $21AC  main.c:68
  $21D0  main.c:69
  $2209  main.c:70
  $225A  main.c:72
  $227C  main.c:73
  $22CE  main.c:75
  $2321  main.c:78
  $2332  main.c:79
  $2384  main.c:81
  $23EC  main.c:87
  $23FF  main.c:95
  $2412  main.c:96
  $2425  main.c:97
  $2458  main.c:98
  $249E  main.c:99
  $24C2  main.c:101
  $24F7  main.c:108
  $2512  main.c:114
  $252C  main.c:115
  $2587  main.c:116
  $25DE  main.c:117
  $2637  main.c:118
  $26A5  main.c:119
  $2717  main.c:123
  $2731  main.c:124
  $278C  main.c:125
  $27FA  main.c:126
  $2855  main.c:127
  $28C5  main.c:128
  $2937  main.c:131
  $2943  main.c:134
  $2948  main.c:135
  $294B  main.c:136
  $2950  main.c:139
  $2955  main.c:140
  $295E  main.c:141
  $2963  main.c:142
  $296C  main.c:143
  $2971  main.c:144
  $297A  main.c:145
  $297F  main.c:149
  $29F1  main.c:150
  $29F6  main.c:151
  $2A19  main.c:152
  $2A1E  main.c:153
  $2A21  main.c:154
  $2A24  main.c:155
  $2A32  main.c:157
  $2A37  main.c:159
