Linker Map
==========

Memory Layout
-------------
  TEXT   $200D - $2BFC  (3056 bytes)
  DATA   $2BFD - $33E6  (2026 bytes)
  BSS    $33E7 - $34DE  (248 bytes)

Object Files
------------
  main.o45
    TEXT  $2043 - $2B6D  (2859 bytes)
    DATA  $2BFD - $33D0  (2004 bytes)
  ../../../lib/build/c45.lib(crt0.o45)
    TEXT  $200D - $2042  (54 bytes)
    DATA  $33D1 - $33E6  (22 bytes)
    BSS   $33E7 - $34DE  (248 bytes)
  ../../../lib/build/c45.lib(memcpy.o45)
    TEXT  $2B6E - $2BB9  (76 bytes)
  ../../../lib/build/c45.lib(memset.o45)
    TEXT  $2BBA - $2BFC  (67 bytes)

Symbols (by address)
--------------------
  $0101  __sp_base                      ../../../lib/build/c45.lib(crt0.o45)
  $200D  __init                         ../../../lib/build/c45.lib(crt0.o45)
  $202B  __exit                         ../../../lib/build/c45.lib(crt0.o45)
  $2042  _init_features                 ../../../lib/build/c45.lib(crt0.o45) [weak]
  $2A47  _main                          main.o45  [uses:- clob:- rel:- regs:AXYZ]
  $2B6E  _memcpy                        ../../../lib/build/c45.lib(memcpy.o45)
  $2BBA  _memset                        ../../../lib/build/c45.lib(memset.o45)
  $33CD  _screen                        main.o45
  $33CF  _color                         main.o45
  $33E7  __bss_start                    <linker>
  $34DF  __bss_end                      <linker>

Call Graph
----------
  __init -> __exit _main
  _main -> _memset

Source Lines
------------
  $2043  main.c:33
  $204F  main.c:34
  $205C  main.c:38
  $2076  main.c:45
  $207C  main.c:46
  $2092  main.c:47
  $20A8  main.c:48
  $20B7  main.c:49
  $20CC  main.c:50
  $20E1  main.c:52
  $20F6  main.c:53
  $2109  main.c:54
  $211E  main.c:55
  $2131  main.c:56
  $2197  main.c:59
  $219D  main.c:62
  $21A6  main.c:67
  $21CB  main.c:68
  $21F0  main.c:69
  $222D  main.c:70
  $2286  main.c:72
  $22AA  main.c:73
  $2302  main.c:75
  $235B  main.c:78
  $236D  main.c:79
  $23C5  main.c:81
  $2465  main.c:87
  $2478  main.c:95
  $248C  main.c:96
  $24A0  main.c:97
  $24DD  main.c:98
  $252B  main.c:99
  $2552  main.c:101
  $258A  main.c:108
  $25A6  main.c:114
  $25C0  main.c:115
  $2625  main.c:116
  $268A  main.c:117
  $26ED  main.c:118
  $2769  main.c:119
  $27E9  main.c:123
  $2803  main.c:124
  $2868  main.c:125
  $28E4  main.c:126
  $2949  main.c:127
  $29C7  main.c:128
  $2A47  main.c:131
  $2A53  main.c:134
  $2A58  main.c:135
  $2A5B  main.c:136
  $2A60  main.c:139
  $2A65  main.c:140
  $2A6E  main.c:141
  $2A73  main.c:142
  $2A7C  main.c:143
  $2A81  main.c:144
  $2A8A  main.c:145
  $2A8F  main.c:149
  $2B01  main.c:150
  $2B06  main.c:151
  $2B2A  main.c:152
  $2B2F  main.c:153
  $2B32  main.c:154
  $2B35  main.c:155
  $2B5C  main.c:157
  $2B61  main.c:159
