Linker Map
==========

Memory Layout
-------------
  TEXT   $200D - $2142  (310 bytes)
  DATA   $2143 - $2158  (22 bytes)
  BSS    $2159 - $2250  (248 bytes)

Object Files
------------
  main.o45
    TEXT  $2051 - $20FF  (175 bytes)
  ../../../lib/build/c45.lib(crt0.o45)
    TEXT  $200D - $2050  (68 bytes)
    DATA  $2143 - $2158  (22 bytes)
    BSS   $2159 - $2250  (248 bytes)
  ../../../lib/build/c45.lib(memset.o45)
    TEXT  $2100 - $2142  (67 bytes)

Symbols (by address)
--------------------
  $0101  __sp_base                      ../../../lib/build/c45.lib(crt0.o45)
  $200D  __init                         ../../../lib/build/c45.lib(crt0.o45)
  $2037  __exit                         ../../../lib/build/c45.lib(crt0.o45)
  $2050  _init_features                 ../../../lib/build/c45.lib(crt0.o45) [weak]
  $2051  _main                          main.o45  [uses:- clob:- rel:- regs:AXYZ]
  $2100  _memset                        ../../../lib/build/c45.lib(memset.o45)
  $2159  __bss_start                    <linker>
  $2251  __bss_end                      <linker>

Call Graph
----------
  __init -> __exit _main
  _main -> _memset

Source Lines
------------
  $2051  /home/duck/m65/in_devel/ccomp/bin/../lib/include/string.h:7
  $205D  main.c:15
  $2062  main.c:16
  $2067  main.c:17
  $2068  main.c:21
  $2070  main.c:23
  $20DC  main.c:24
